[INFO] Scanning for projects...
[INFO] ------------------------------------------------------------------------
[INFO] Reactor Build Order:
[INFO] 
[INFO] user-service                                                       [jar]
[INFO] job-service                                                        [jar]
[INFO] proposal-service                                                   [jar]
[INFO] contract-service                                                   [jar]
[INFO] wallet-service                                                     [jar]
[INFO] Freelance                                                          [pom]
[INFO] 
[INFO] -----------------< com.team01.freelance:user-service >------------------
[INFO] Building user-service 0.0.1-SNAPSHOT                               [1/6]
[INFO]   from user-service\pom.xml
[INFO] --------------------------------[ jar ]---------------------------------
[INFO] 
[INFO] --- clean:3.5.0:clean (default-clean) @ user-service ---
[INFO] Deleting C:\Users\Yusuf\Documents\Developer\01-Freedance-Freelance\user-service\target
[INFO] 
[INFO] --- resources:3.3.1:resources (default-resources) @ user-service ---
[INFO] Copying 1 resource from src\main\resources to target\classes
[INFO] Copying 0 resource from src\main\resources to target\classes
[INFO] 
[INFO] --- compiler:3.14.1:compile (default-compile) @ user-service ---
[INFO] Recompiling the module because of changed source code.
[INFO] Compiling 13 source files with javac [debug parameters release 25] to target\classes
[INFO] 
[INFO] --- resources:3.3.1:testResources (default-testResources) @ user-service ---
[INFO] skip non existing resourceDirectory C:\Users\Yusuf\Documents\Developer\01-Freedance-Freelance\user-service\src\test\resources
[INFO] 
[INFO] --- compiler:3.14.1:testCompile (default-testCompile) @ user-service ---
[INFO] Recompiling the module because of changed dependency.
[INFO] Compiling 5 source files with javac [debug parameters release 25] to target\test-classes
[INFO] -------------------------------------------------------------
[ERROR] COMPILATION ERROR : 
[INFO] -------------------------------------------------------------
[ERROR] /C:/Users/Yusuf/Documents/Developer/01-Freedance-Freelance/user-service/src/test/java/com/team01/freelance/user/controller/UserControllerTest.java:[71,62] no suitable method found for thenReturn(java.util.Optional<com.team01.freelance.user.model.User>)
    method org.mockito.stubbing.OngoingStubbing.thenReturn(com.team01.freelance.user.model.User) is not applicable
      (argument mismatch; no instance(s) of type variable(s) T exist so that java.util.Optional<T> conforms to com.team01.freelance.user.model.User)
    method org.mockito.stubbing.OngoingStubbing.thenReturn(com.team01.freelance.user.model.User,com.team01.freelance.user.model.User...) is not applicable
      (argument mismatch; no instance(s) of type variable(s) T exist so that java.util.Optional<T> conforms to com.team01.freelance.user.model.User)
[ERROR] /C:/Users/Yusuf/Documents/Developer/01-Freedance-Freelance/user-service/src/test/java/com/team01/freelance/user/controller/UserSkillControllerTest.java:[70,77] no suitable method found for thenReturn(java.util.Optional<com.team01.freelance.user.model.UserSkill>)
    method org.mockito.stubbing.OngoingStubbing.thenReturn(com.team01.freelance.user.model.UserSkill) is not applicable
      (argument mismatch; no instance(s) of type variable(s) T exist so that java.util.Optional<T> conforms to com.team01.freelance.user.model.UserSkill)
    method org.mockito.stubbing.OngoingStubbing.thenReturn(com.team01.freelance.user.model.UserSkill,com.team01.freelance.user.model.UserSkill...) is not applicable
      (argument mismatch; no instance(s) of type variable(s) T exist so that java.util.Optional<T> conforms to com.team01.freelance.user.model.UserSkill)
[INFO] 2 errors 
[INFO] -------------------------------------------------------------
[INFO] ------------------------------------------------------------------------
[INFO] Reactor Summary for Freelance 0.0.1-SNAPSHOT:
[INFO] 
[INFO] user-service ....................................... FAILURE [  2.760 s]
[INFO] job-service ........................................ SKIPPED
[INFO] proposal-service ................................... SKIPPED
[INFO] contract-service ................................... SKIPPED
[INFO] wallet-service ..................................... SKIPPED
[INFO] Freelance .......................................... SKIPPED
[INFO] ------------------------------------------------------------------------
[INFO] BUILD FAILURE
[INFO] ------------------------------------------------------------------------
[INFO] Total time:  3.183 s
[INFO] Finished at: 2026-04-30T20:51:02+02:00
[INFO] ------------------------------------------------------------------------
[ERROR] Failed to execute goal org.apache.maven.plugins:maven-compiler-plugin:3.14.1:testCompile (default-testCompile) on project user-service: Compilation failure: Compilation failure: 
[ERROR] /C:/Users/Yusuf/Documents/Developer/01-Freedance-Freelance/user-service/src/test/java/com/team01/freelance/user/controller/UserControllerTest.java:[71,62] no suitable method found for thenReturn(java.util.Optional<com.team01.freelance.user.model.User>)
[ERROR]     method org.mockito.stubbing.OngoingStubbing.thenReturn(com.team01.freelance.user.model.User) is not applicable
[ERROR]       (argument mismatch; no instance(s) of type variable(s) T exist so that java.util.Optional<T> conforms to com.team01.freelance.user.model.User)
[ERROR]     method org.mockito.stubbing.OngoingStubbing.thenReturn(com.team01.freelance.user.model.User,com.team01.freelance.user.model.User...) is not applicable
[ERROR]       (argument mismatch; no instance(s) of type variable(s) T exist so that java.util.Optional<T> conforms to com.team01.freelance.user.model.User)
[ERROR] /C:/Users/Yusuf/Documents/Developer/01-Freedance-Freelance/user-service/src/test/java/com/team01/freelance/user/controller/UserSkillControllerTest.java:[70,77] no suitable method found for thenReturn(java.util.Optional<com.team01.freelance.user.model.UserSkill>)
[ERROR]     method org.mockito.stubbing.OngoingStubbing.thenReturn(com.team01.freelance.user.model.UserSkill) is not applicable
[ERROR]       (argument mismatch; no instance(s) of type variable(s) T exist so that java.util.Optional<T> conforms to com.team01.freelance.user.model.UserSkill)
[ERROR]     method org.mockito.stubbing.OngoingStubbing.thenReturn(com.team01.freelance.user.model.UserSkill,com.team01.freelance.user.model.UserSkill...) is not applicable
[ERROR]       (argument mismatch; no instance(s) of type variable(s) T exist so that java.util.Optional<T> conforms to com.team01.freelance.user.model.UserSkill)
[ERROR] -> [Help 1]
[ERROR] 
[ERROR] To see the full stack trace of the errors, re-run Maven with the -e switch.
[ERROR] Re-run Maven using the -X switch to enable full debug logging.
[ERROR] 
[ERROR] For more information about the errors and possible solutions, please read the following articles:
[ERROR] [Help 1] http://cwiki.apache.org/confluence/display/MAVEN/MojoFailureException
